['IsA', 'ShowMembers', 'get', 'get<double>', 'get<float>', 'get<int>', 'getfloat', 'set', 'set<double>', 'set<float>', 'set<int>']
called get<double>()
called get<int>()
called get<float>()
t now 3 1 2
t now 42.31
called set<int>()
called get<double>()
called get<int>()
called get<float>()
t now 3 1 2
t now 7
called set<double>()
called get<double>()
called get<int>()
called get<float>()
t now 3 1 2
t now 9
