
Processing runownership.C+...
Fatal in <TBufferFile::Expand>: Failed to expand the data buffer because TBuffer does not own it and no custom memory reallocator was provided.
The expected error "Failed to expand the data buffer because TBuffer does not own it and no custom memory reallocator was provided." was seen
Running custom allocator (increase from 3 to 136)
Running custom allocator (increase from 136 to 264)
The test has completed successfully
(int) 0
