TH1F  Jun 26 11:23 2015 h0_0N;1 "hist for counter:0 in plane:0 North"
TH1F  Jun 26 11:23 2015 h0_1N;1 "hist for counter:1 in plane:0 North"
TH1F  Jun 26 11:23 2015 h0_2N;1 "hist for counter:2 in plane:0 North"
TH1F  Jun 26 11:23 2015 h0_3N;1 "hist for counter:3 in plane:0 North"
TH1F  Jun 26 11:23 2015 h0_4N;1 "hist for counter:4 in plane:0 North"
TH1F  Jun 26 11:23 2015 h0_5N;1 "hist for counter:5 in plane:0 North"
TH1F  Jun 26 11:23 2015 h0_6N;1 "hist for counter:6 in plane:0 North"
TH1F  Jun 26 11:23 2015 h0_7N;1 "hist for counter:7 in plane:0 North"
TH1F  Jun 26 11:23 2015 h0_8N;1 "hist for counter:8 in plane:0 North"
TH1F  Jun 26 11:23 2015 h0_9N;1 "hist for counter:9 in plane:0 North"
TH1F  Jun 26 11:23 2015 h1_0N;1 "hist for counter:0 in plane:1 North"
TH1F  Jun 26 11:23 2015 h1_1N;1 "hist for counter:1 in plane:1 North"
TH1F  Jun 26 11:23 2015 h1_2N;1 "hist for counter:2 in plane:1 North"
TH1F  Jun 26 11:23 2015 h1_3N;1 "hist for counter:3 in plane:1 North"
TH1F  Jun 26 11:23 2015 h1_4N;1 "hist for counter:4 in plane:1 North"
TH1F  Jun 26 11:23 2015 h1_5N;1 "hist for counter:5 in plane:1 North"
TH1F  Jun 26 11:23 2015 h1_6N;1 "hist for counter:6 in plane:1 North"
TH1F  Jun 26 11:23 2015 h1_7N;1 "hist for counter:7 in plane:1 North"
TH1F  Jun 26 11:23 2015 h1_8N;1 "hist for counter:8 in plane:1 North"
TH1F  Jun 26 11:23 2015 h1_9N;1 "hist for counter:9 in plane:1 North"
tof/plane0 :
  TH1F  Jun 26 11:23 2015 h0_10N;1 "hist for counter:10 in plane:0 North"
  TH1F  Jun 26 11:23 2015 h0_11N;1 "hist for counter:11 in plane:0 North"
  TH1F  Jun 26 11:23 2015 h0_12N;1 "hist for counter:12 in plane:0 North"
  TH1F  Jun 26 11:23 2015 h0_13N;1 "hist for counter:13 in plane:0 North"
  TH1F  Jun 26 11:23 2015 h0_14N;1 "hist for counter:14 in plane:0 North"
  TH1F  Jun 26 11:23 2015 h0_15N;1 "hist for counter:15 in plane:0 North"
  TH1F  Jun 26 11:23 2015 h0_16N;1 "hist for counter:16 in plane:0 North"
  TH1F  Jun 26 11:23 2015 h0_17N;1 "hist for counter:17 in plane:0 North"
  TH1F  Jun 26 11:23 2015 h0_18N;1 "hist for counter:18 in plane:0 North"
  TH1F  Jun 26 11:23 2015 h0_19N;1 "hist for counter:19 in plane:0 North"
  TH1F  Jun 26 11:23 2015 h0_20N;1 "hist for counter:20 in plane:0 North"
  TH1F  Jun 26 11:23 2015 h0_21N;1 "hist for counter:21 in plane:0 North"
  TH1F  Jun 26 11:23 2015 h0_22N;1 "hist for counter:22 in plane:0 North"
  TH1F  Jun 26 11:23 2015 h0_23N;1 "hist for counter:23 in plane:0 North"
  TH1F  Jun 26 11:23 2015 h0_24N;1 "hist for counter:24 in plane:0 North"
  TH1F  Jun 26 11:23 2015 h0_25N;1 "hist for counter:25 in plane:0 North"
  TH1F  Jun 26 11:23 2015 h0_26N;1 "hist for counter:26 in plane:0 North"
  TH1F  Jun 26 11:23 2015 h0_27N;1 "hist for counter:27 in plane:0 North"
  TH1F  Jun 26 11:23 2015 h0_28N;1 "hist for counter:28 in plane:0 North"
  TH1F  Jun 26 11:23 2015 h0_29N;1 "hist for counter:29 in plane:0 North"
  TH1F  Jun 26 11:23 2015 h0_30N;1 "hist for counter:30 in plane:0 North"
  TH1F  Jun 26 11:23 2015 h0_31N;1 "hist for counter:31 in plane:0 North"
  TH1F  Jun 26 11:23 2015 h0_32N;1 "hist for counter:32 in plane:0 North"
  TH1F  Jun 26 11:23 2015 h0_33N;1 "hist for counter:33 in plane:0 North"
  TH1F  Jun 26 11:23 2015 h0_34N;1 "hist for counter:34 in plane:0 North"
  TH1F  Jun 26 11:23 2015 h0_35N;1 "hist for counter:35 in plane:0 North"
  TH1F  Jun 26 11:23 2015 h0_36N;1 "hist for counter:36 in plane:0 North"
  TH1F  Jun 26 11:23 2015 h0_37N;1 "hist for counter:37 in plane:0 North"
  TH1F  Jun 26 11:23 2015 h0_38N;1 "hist for counter:38 in plane:0 North"
  TH1F  Jun 26 11:23 2015 h0_39N;1 "hist for counter:39 in plane:0 North"
  TH1F  Jun 26 11:23 2015 h0_40N;1 "hist for counter:40 in plane:0 North"
  TH1F  Jun 26 11:23 2015 h0_41N;1 "hist for counter:41 in plane:0 North"
  TH1F  Jun 26 11:23 2015 h0_42N;1 "hist for counter:42 in plane:0 North"
  TH1F  Jun 26 11:23 2015 h0_43N;1 "hist for counter:43 in plane:0 North"
  TH1F  Jun 26 11:23 2015 h0_44N;1 "hist for counter:44 in plane:0 North"
  TH1F  Jun 26 11:23 2015 h0_45N;1 "hist for counter:45 in plane:0 North"
  TH1F  Jun 26 11:23 2015 h0_46N;1 "hist for counter:46 in plane:0 North"
  TH1F  Jun 26 11:23 2015 h0_47N;1 "hist for counter:47 in plane:0 North"
  TH1F  Jun 26 11:23 2015 h0_48N;1 "hist for counter:48 in plane:0 North"
  TH1F  Jun 26 11:23 2015 h0_49N;1 "hist for counter:49 in plane:0 North"
tof/plane1 :
  TH1F  Jun 26 11:23 2015 h1_10N;1 "hist for counter:10 in plane:1 North"
  TH1F  Jun 26 11:23 2015 h1_11N;1 "hist for counter:11 in plane:1 North"
  TH1F  Jun 26 11:23 2015 h1_12N;1 "hist for counter:12 in plane:1 North"
  TH1F  Jun 26 11:23 2015 h1_13N;1 "hist for counter:13 in plane:1 North"
  TH1F  Jun 26 11:23 2015 h1_14N;1 "hist for counter:14 in plane:1 North"
  TH1F  Jun 26 11:23 2015 h1_15N;1 "hist for counter:15 in plane:1 North"
  TH1F  Jun 26 11:23 2015 h1_16N;1 "hist for counter:16 in plane:1 North"
  TH1F  Jun 26 11:23 2015 h1_17N;1 "hist for counter:17 in plane:1 North"
  TH1F  Jun 26 11:23 2015 h1_18N;1 "hist for counter:18 in plane:1 North"
  TH1F  Jun 26 11:23 2015 h1_19N;1 "hist for counter:19 in plane:1 North"
  TH1F  Jun 26 11:23 2015 h1_20N;1 "hist for counter:20 in plane:1 North"
  TH1F  Jun 26 11:23 2015 h1_21N;1 "hist for counter:21 in plane:1 North"
  TH1F  Jun 26 11:23 2015 h1_22N;1 "hist for counter:22 in plane:1 North"
  TH1F  Jun 26 11:23 2015 h1_23N;1 "hist for counter:23 in plane:1 North"
  TH1F  Jun 26 11:23 2015 h1_24N;1 "hist for counter:24 in plane:1 North"
  TH1F  Jun 26 11:23 2015 h1_25N;1 "hist for counter:25 in plane:1 North"
  TH1F  Jun 26 11:23 2015 h1_26N;1 "hist for counter:26 in plane:1 North"
  TH1F  Jun 26 11:23 2015 h1_27N;1 "hist for counter:27 in plane:1 North"
  TH1F  Jun 26 11:23 2015 h1_28N;1 "hist for counter:28 in plane:1 North"
  TH1F  Jun 26 11:23 2015 h1_29N;1 "hist for counter:29 in plane:1 North"
  TH1F  Jun 26 11:23 2015 h1_30N;1 "hist for counter:30 in plane:1 North"
  TH1F  Jun 26 11:23 2015 h1_31N;1 "hist for counter:31 in plane:1 North"
  TH1F  Jun 26 11:23 2015 h1_32N;1 "hist for counter:32 in plane:1 North"
  TH1F  Jun 26 11:23 2015 h1_33N;1 "hist for counter:33 in plane:1 North"
  TH1F  Jun 26 11:23 2015 h1_34N;1 "hist for counter:34 in plane:1 North"
  TH1F  Jun 26 11:23 2015 h1_35N;1 "hist for counter:35 in plane:1 North"
  TH1F  Jun 26 11:23 2015 h1_36N;1 "hist for counter:36 in plane:1 North"
  TH1F  Jun 26 11:23 2015 h1_37N;1 "hist for counter:37 in plane:1 North"
  TH1F  Jun 26 11:23 2015 h1_38N;1 "hist for counter:38 in plane:1 North"
  TH1F  Jun 26 11:23 2015 h1_39N;1 "hist for counter:39 in plane:1 North"
  TH1F  Jun 26 11:23 2015 h1_40N;1 "hist for counter:40 in plane:1 North"
  TH1F  Jun 26 11:23 2015 h1_41N;1 "hist for counter:41 in plane:1 North"
  TH1F  Jun 26 11:23 2015 h1_42N;1 "hist for counter:42 in plane:1 North"
  TH1F  Jun 26 11:23 2015 h1_43N;1 "hist for counter:43 in plane:1 North"
  TH1F  Jun 26 11:23 2015 h1_44N;1 "hist for counter:44 in plane:1 North"
  TH1F  Jun 26 11:23 2015 h1_45N;1 "hist for counter:45 in plane:1 North"
  TH1F  Jun 26 11:23 2015 h1_46N;1 "hist for counter:46 in plane:1 North"
  TH1F  Jun 26 11:23 2015 h1_47N;1 "hist for counter:47 in plane:1 North"
  TH1F  Jun 26 11:23 2015 h1_48N;1 "hist for counter:48 in plane:1 North"
  TH1F  Jun 26 11:23 2015 h1_49N;1 "hist for counter:49 in plane:1 North"
