
Processing execCheckNaming.C...
Check TClassEdit::ResolveTypedef
@const std::string&@ --> @const string&@
@const string&@ --> @const string&@
@A<B>[2]@ --> @A<B>[2]@
@X<A<B>[2]>@ --> @X<A<B>[2]>@
Check TClassEdit::ShortType
@const std::string&@ --> @const std::string&@
@const std::string &@ --> @const std::string&@
@const std::string    &@ --> @const std::string&@
@A<B>[2]@ --> @A<B>[2]@
@X<A<B>[2]>@ --> @X<A<B>[2]>@
(int) 0
