
Processing execExecuteObjArray.C...
Error in <TInterpreter::Execute>: Too many parameters to call Sizeof, got 1 but expected at most 0.
Error in <TInterpreter::Execute>: Too many parameters to call Reset, got 2 but expected at most 1.
Error in <TInterpreter::Execute>: Too many parameters to call SetName, got 2 but expected at most 1.
Error in <TInterpreter::Execute>: Too few arguments to call SetName, got only 0 but expected 1.
Error in <TInterpreter::Execute>: No method was defined
Error in <TInterpreter::Execute>: Too few arguments to call Divide, got only 0 but expected at least 1 and at most 2.
