
Processing runtestGenVector.C...
testing Vector3D   	:	.....					OK
testing Point3D    	:	......					OK
testing Vector2D   	:	.........				OK
testing Point2D    	:	.........				OK
testing 3D Rotations	:	....................................	OK
testing 3D Transform	:	......................................................OK
testing VectorUtil  	:	.....................			OK
testGenVector OK
