Processing /Users/danilopiparo/RootDevel/Root6/head/root/roottest/root/io/newstl/readNoLib.C("vector.root")...
Warning in <TClass::Init>: no dictionary for class GHelper<GHelper<GHelper<float> > > is available
Warning in <TClass::Init>: no dictionary for class GHelper<GHelper<float> > is available
Warning in <TClass::Init>: no dictionary for class GHelper<float> is available
Warning in <TClass::Init>: no dictionary for class Helper is available
Warning in <TClass::Init>: no dictionary for class THelper is available
Warning in <TClass::Init>: no dictionary for class THelperDerived is available
Warning in <TClass::Init>: no dictionary for class HelperDerived is available
Warning in <TClass::Init>: no dictionary for class HelperClassDef is available
Warning in <TClass::Init>: no dictionary for class vectorHolder is available
Error in <TTreeFormula::Compile>:  Bad numerical expression : "split3.fScalar"
Warning in <TLeafObject::ReadBasket>: vectorHolder::Streamer not available, using TClass::ReadBuffer instead
Warning in <TLeafObject::ReadBasket>: vectorHolder::Streamer not available, using TClass::ReadBuffer instead
********************************************************
*    Row   * Instance *                split99.fScalar *
********************************************************
*        0 *        0 *                             10 *
*        1 *        0 *                             20 *
*        1 *        1 *                             21 *
*        2 *        0 *                             30 *
*        2 *        1 *                             31 *
*        2 *        2 *                             32 *
********************************************************
*********************************************
*    Row   *                 split3.fScalar *
*********************************************
*        0 *                                *
*        1 *                                *
*        2 *                                *
*********************************************
********************************************************
*    Row   * Instance *                 split2.fScalar *
********************************************************
*        0 *        0 *                             10 *
*        1 *        0 *                             20 *
*        1 *        1 *                             21 *
*        2 *        0 *                             30 *
*        2 *        1 *                             31 *
*        2 *        2 *                             32 *
********************************************************
********************************************************
*    Row   * Instance *                 split1.fScalar *
********************************************************
*        0 *        0 *                             10 *
*        1 *        0 *                             20 *
*        1 *        1 *                             21 *
*        2 *        0 *                             30 *
*        2 *        1 *                             31 *
*        2 *        2 *                             32 *
********************************************************
********************************************************
*    Row   * Instance *                 split0.fScalar *
********************************************************
*        0 *        0 *                             10 *
*        1 *        0 *                             20 *
*        1 *        1 *                             21 *
*        2 *        0 *                             30 *
*        2 *        1 *                             31 *
*        2 *        2 *                             32 *
********************************************************
********************************************************
*    Row   * Instance *                split_1.fScalar *
********************************************************
*        0 *        0 *                             10 *
*        1 *        0 *                             20 *
*        1 *        1 *                             21 *
*        2 *        0 *                             30 *
*        2 *        1 *                             31 *
*        2 *        2 *                             32 *
********************************************************
********************************************************
*    Row   * Instance *                split_2.fScalar *
********************************************************
*        0 *        0 *                             10 *
*        1 *        0 *                             20 *
*        1 *        1 *                             21 *
*        2 *        0 *                             30 *
*        2 *        1 *                             31 *
*        2 *        2 *                             32 *
********************************************************
********************************************************
*    Row   * Instance *       split99.fPairFlInt.first *
********************************************************
*        0 *        0 *                              2 *
*        1 *        0 *                              1 *
*        1 *        1 *                              3 *
*        2 *        0 *                              0 *
*        2 *        1 *                              2 *
*        2 *        2 *                              4 *
********************************************************
********************************************************
*    Row   * Instance *        split2.fPairFlInt.first *
********************************************************
*        0 *        0 *                              2 *
*        1 *        0 *                              1 *
*        1 *        1 *                              3 *
*        2 *        0 *                              0 *
*        2 *        1 *                              2 *
*        2 *        2 *                              4 *
********************************************************
********************************************************
*    Row   * Instance *        split1.fPairFlInt.first *
********************************************************
*        0 *        0 *                              2 *
*        1 *        0 *                              1 *
*        1 *        1 *                              3 *
*        2 *        0 *                              0 *
*        2 *        1 *                              2 *
*        2 *        2 *                              4 *
********************************************************
********************************************************
*    Row   * Instance *        split0.fPairFlInt.first *
********************************************************
*        0 *        0 *                              2 *
*        1 *        0 *                              1 *
*        1 *        1 *                              3 *
*        2 *        0 *                              0 *
*        2 *        1 *                              2 *
*        2 *        2 *                              4 *
********************************************************
********************************************************
*    Row   * Instance *       split_1.fPairFlInt.first *
********************************************************
*        0 *        0 *                              2 *
*        1 *        0 *                              1 *
*        1 *        1 *                              3 *
*        2 *        0 *                              0 *
*        2 *        1 *                              2 *
*        2 *        2 *                              4 *
********************************************************
********************************************************
*    Row   * Instance *       split_2.fPairFlInt.first *
********************************************************
*        0 *        0 *                              2 *
*        1 *        0 *                              1 *
*        1 *        1 *                              3 *
*        2 *        0 *                              0 *
*        2 *        1 *                              2 *
*        2 *        2 *                              4 *
********************************************************
********************************************************
*    Row   * Instance *             split99.fPairStrDb *
********************************************************
*        0 *        0 *                              0 *
*        1 *        0 *                              0 *
*        1 *        1 *                                *
*        2 *        0 *                              0 *
*        2 *        1 *                              0 *
*        2 *        2 *                                *
********************************************************
********************************************************
*    Row   * Instance *              split2.fPairStrDb *
********************************************************
*        0 *        0 *                              0 *
*        1 *        0 *                              0 *
*        1 *        1 *                                *
*        2 *        0 *                              0 *
*        2 *        1 *                              0 *
*        2 *        2 *                                *
********************************************************
*********************************************
*    Row   *              split1.fPairStrDb *
*********************************************
*        0 *                              0 *
*        1 *                              0 *
*        2 *                              0 *
*********************************************
********************************************************
*    Row   * Instance *              split0.fPairStrDb *
********************************************************
*        0 *        0 *                              0 *
*        1 *        0 *                              0 *
*        1 *        1 *                                *
*        2 *        0 *                              0 *
*        2 *        1 *                              0 *
*        2 *        2 *                                *
********************************************************
********************************************************
*    Row   * Instance *             split_1.fPairStrDb *
********************************************************
*        0 *        0 *                              0 *
*        1 *        0 *                              0 *
*        1 *        1 *                                *
*        2 *        0 *                              0 *
*        2 *        1 *                              0 *
*        2 *        2 *                                *
********************************************************
********************************************************
*    Row   * Instance *             split_2.fPairStrDb *
********************************************************
*        0 *        0 *                              0 *
*        1 *        0 *                              0 *
*        1 *        1 *                                *
*        2 *        0 *                              0 *
*        2 *        1 *                              0 *
*        2 *        2 *                                *
********************************************************
**********************************************
*    Row   * Instance * split99.fObject.dval *
**********************************************
*        0 *        0 *          0.600600601 *
*        0 *        1 *          0.630630631 *
*        1 *        0 *            1.2012012 *
*        1 *        1 *           1.23123123 *
*        1 *        2 *           1.26126126 *
*        1 *        3 *           1.29129129 *
*        2 *        0 *            1.8018018 *
*        2 *        1 *           1.83183183 *
*        2 *        2 *           1.86186186 *
*        2 *        3 *           1.89189189 *
*        2 *        4 *           1.92192192 *
*        2 *        5 *           1.95195195 *
**********************************************
*********************************************
*    Row   * Instance * split2.fObject.dval *
*********************************************
*        0 *        0 *         0.600600601 *
*        0 *        1 *         0.630630631 *
*        1 *        0 *           1.2012012 *
*        1 *        1 *          1.23123123 *
*        1 *        2 *          1.26126126 *
*        1 *        3 *          1.29129129 *
*        2 *        0 *           1.8018018 *
*        2 *        1 *          1.83183183 *
*        2 *        2 *          1.86186186 *
*        2 *        3 *          1.89189189 *
*        2 *        4 *          1.92192192 *
*        2 *        5 *          1.95195195 *
*********************************************
*********************************************
*    Row   * Instance * split1.fObject.dval *
*********************************************
*        0 *        0 *         0.600600601 *
*        0 *        1 *         0.630630631 *
*        1 *        0 *           1.2012012 *
*        1 *        1 *          1.23123123 *
*        1 *        2 *          1.26126126 *
*        1 *        3 *          1.29129129 *
*        2 *        0 *           1.8018018 *
*        2 *        1 *          1.83183183 *
*        2 *        2 *          1.86186186 *
*        2 *        3 *          1.89189189 *
*        2 *        4 *          1.92192192 *
*        2 *        5 *          1.95195195 *
*********************************************
*********************************************
*    Row   * Instance * split0.fObject.dval *
*********************************************
*        0 *        0 *         0.600600601 *
*        0 *        1 *         0.630630631 *
*        1 *        0 *           1.2012012 *
*        1 *        1 *          1.23123123 *
*        1 *        2 *          1.26126126 *
*        1 *        3 *          1.29129129 *
*        2 *        0 *           1.8018018 *
*        2 *        1 *          1.83183183 *
*        2 *        2 *          1.86186186 *
*        2 *        3 *          1.89189189 *
*        2 *        4 *          1.92192192 *
*        2 *        5 *          1.95195195 *
*********************************************
**********************************************
*    Row   * Instance * split_1.fObject.dval *
**********************************************
*        0 *        0 *          0.600600601 *
*        0 *        1 *          0.630630631 *
*        1 *        0 *            1.2012012 *
*        1 *        1 *           1.23123123 *
*        1 *        2 *           1.26126126 *
*        1 *        3 *           1.29129129 *
*        2 *        0 *            1.8018018 *
*        2 *        1 *           1.83183183 *
*        2 *        2 *           1.86186186 *
*        2 *        3 *           1.89189189 *
*        2 *        4 *           1.92192192 *
*        2 *        5 *           1.95195195 *
**********************************************
**********************************************
*    Row   * Instance * split_2.fObject.dval *
**********************************************
*        0 *        0 *          0.600600601 *
*        0 *        1 *          0.630630631 *
*        1 *        0 *            1.2012012 *
*        1 *        1 *           1.23123123 *
*        1 *        2 *           1.26126126 *
*        1 *        3 *           1.29129129 *
*        2 *        0 *            1.8018018 *
*        2 *        1 *           1.83183183 *
*        2 *        2 *           1.86186186 *
*        2 *        3 *           1.89189189 *
*        2 *        4 *           1.92192192 *
*        2 *        5 *           1.95195195 *
**********************************************
*********************************************
*    Row   *       split99.fPairStrDb.first *
*********************************************
*        0 *                             aa *
*        1 *                              a *
*        2 *                                *
*********************************************
*********************************************
*    Row   *        split2.fPairStrDb.first *
*********************************************
*        0 *                             aa *
*        1 *                              a *
*        2 *                                *
*********************************************
*********************************************
*    Row   *        split1.fPairStrDb.first *
*********************************************
*        0 *                             aa *
*        1 *                              a *
*        2 *                                *
*********************************************
*********************************************
*    Row   *        split0.fPairStrDb.first *
*********************************************
*        0 *                             aa *
*        1 *                              a *
*        2 *                                *
*********************************************
*********************************************
*    Row   *       split_1.fPairStrDb.first *
*********************************************
*        0 *                             aa *
*        1 *                              a *
*        2 *                                *
*********************************************
*********************************************
*    Row   *       split_2.fPairStrDb.first *
*********************************************
*        0 *                             aa *
*        1 *                              a *
*        2 *                                *
*********************************************
********************************************************
*    Row   * Instance * split99.fTemplates.val.val.val *
********************************************************
*        0 *        0 *                             10 *
*        1 *        0 *                             20 *
*        1 *        1 *                             21 *
*        2 *        0 *                             30 *
*        2 *        1 *                             31 *
*        2 *        2 *                             32 *
********************************************************
********************************************************
*    Row   * Instance *  split2.fTemplates.val.val.val *
********************************************************
*        0 *        0 *                             10 *
*        1 *        0 *                             20 *
*        1 *        1 *                             21 *
*        2 *        0 *                             30 *
*        2 *        1 *                             31 *
*        2 *        2 *                             32 *
********************************************************
********************************************************
*    Row   * Instance *  split1.fTemplates.val.val.val *
********************************************************
*        0 *        0 *                             10 *
*        1 *        0 *                             20 *
*        1 *        1 *                             21 *
*        2 *        0 *                             30 *
*        2 *        1 *                             31 *
*        2 *        2 *                             32 *
********************************************************
********************************************************
*    Row   * Instance *  split0.fTemplates.val.val.val *
********************************************************
*        0 *        0 *                             10 *
*        1 *        0 *                             20 *
*        1 *        1 *                             21 *
*        2 *        0 *                             30 *
*        2 *        1 *                             31 *
*        2 *        2 *                             32 *
********************************************************
********************************************************
*    Row   * Instance * split_1.fTemplates.val.val.val *
********************************************************
*        0 *        0 *                             10 *
*        1 *        0 *                             20 *
*        1 *        1 *                             21 *
*        2 *        0 *                             30 *
*        2 *        1 *                             31 *
*        2 *        2 *                             32 *
********************************************************
********************************************************
*    Row   * Instance * split_2.fTemplates.val.val.val *
********************************************************
*        0 *        0 *                             10 *
*        1 *        0 *                             20 *
*        1 *        1 *                             21 *
*        2 *        0 *                             30 *
*        2 *        1 *                             31 *
*        2 *        2 *                             32 *
********************************************************
(int) 0
