
Processing /Users/danilopiparo/RootDevel/Root6/head/roottest/root/dataframe/test_stringfiltercolumn.C...
c1 20
c2 20
c3 9
ok        : pass=20         all=20         --  100.000 %
c4 9
ok        : pass=20         all=20         --  100.000 %
All Filters: pass=9          all=20         --   45.000 %
c1 20
c2 20
c3 9
ok        : pass=20         all=20         --  100.000 %
c4 9
ok        : pass=20         all=20         --  100.000 %
All Filters: pass=9          all=20         --   45.000 %
(int) 0
