
Processing /home/dpiparo/RootDevel/Root6/head/roottest/root/dataframe/test_splitcoll_arrayview.C+...
Info in <TUnixSystem::ACLiC>: creating shared library /home/dpiparo/RootDevel/Root6/head/build/roottest/root/dataframe/test_splitcoll_arrayview_C.so
0
0
1
0
1
2
0
1
2
3
0
1
2
3
4
0
1
2
3
4
5
0
1
2
3
4
5
6
0
1
2
3
4
5
6
7
0
1
2
3
4
5
6
7
8
0
1
2
3
4
5
6
7
8
9
count 0
0
0
1
0
1
2
0
1
2
3
0
1
2
3
4
0
1
2
3
4
5
0
1
2
3
4
5
6
0
1
2
3
4
5
6
7
0
1
2
3
4
5
6
7
8
0
1
2
3
4
5
6
7
8
9
count 7
(int) 0
