Processing zmumuSelDrawmail.cpp+...
0: neumomcmtot: 0
1: neumomcmtot: 0
2: neumomcmtot: 0
3: neumomcmtot: 0.960721
4: neumomcmtot: 2.69616
5: neumomcmtot: 1.57223
6: neumomcmtot: 0
7: neumomcmtot: 0
8: neumomcmtot: 0
9: neumomcmtot: 0.0941793
10: neumomcmtot: 1.74361
11: neumomcmtot: 0.0461969
12: neumomcmtot: 4.23407
13: neumomcmtot: 2.12598
14: neumomcmtot: 2.40757
15: neumomcmtot: 0.567856
16: neumomcmtot: 0.0409067
17: neumomcmtot: 0.496516
18: neumomcmtot: 0
19: neumomcmtot: 4.44179
20: neumomcmtot: 2.75502
21: neumomcmtot: 0
22: neumomcmtot: 0.815777
23: neumomcmtot: 4.77309
24: neumomcmtot: 0.858783
25: neumomcmtot: 0
26: neumomcmtot: 3.99762
27: neumomcmtot: 0.217442
28: neumomcmtot: 3.06584
29: neumomcmtot: 3.12135
30: neumomcmtot: 3.18931
31: neumomcmtot: 0.345691
32: neumomcmtot: 0
33: neumomcmtot: 0
34: neumomcmtot: 0.648115
35: neumomcmtot: 1.89002
36: neumomcmtot: 0.525595
37: neumomcmtot: 0.162426
38: neumomcmtot: 0.0323857
39: neumomcmtot: 0.0435813
40: neumomcmtot: 0
41: neumomcmtot: 0
42: neumomcmtot: 0.606538
43: neumomcmtot: 0.0777008
44: neumomcmtot: 7.84833
45: neumomcmtot: 0
46: neumomcmtot: 4.69483
47: neumomcmtot: 0
48: neumomcmtot: 0
49: neumomcmtot: 0.630631
50: neumomcmtot: 2.02174
51: neumomcmtot: 0
52: neumomcmtot: 0
53: neumomcmtot: 2.10461
54: neumomcmtot: 1.35028
55: neumomcmtot: 0
56: neumomcmtot: 1.54636
57: neumomcmtot: 0
58: neumomcmtot: 0
59: neumomcmtot: 0
60: neumomcmtot: 0.285781
61: neumomcmtot: 1.29549
62: neumomcmtot: 1.37837
63: neumomcmtot: 2.04151
64: neumomcmtot: 3.13893
65: neumomcmtot: 0
66: neumomcmtot: 0
67: neumomcmtot: 2.81721
68: neumomcmtot: 0
69: neumomcmtot: 1.65038
70: neumomcmtot: 0.0333026
71: neumomcmtot: 1.91415
72: neumomcmtot: 3.07218
73: neumomcmtot: 1.58952
74: neumomcmtot: 0
75: neumomcmtot: 0
76: neumomcmtot: 2.32692
77: neumomcmtot: 0.169227
78: neumomcmtot: 0
79: neumomcmtot: 0
80: neumomcmtot: 0
81: neumomcmtot: 0.196556
82: neumomcmtot: 1.34794
83: neumomcmtot: 0
84: neumomcmtot: 0
85: neumomcmtot: 4.05347
86: neumomcmtot: 0
87: neumomcmtot: 0
88: neumomcmtot: 0
89: neumomcmtot: 0.686635
90: neumomcmtot: 0
91: neumomcmtot: 2.74631
92: neumomcmtot: 0.301038
93: neumomcmtot: 0
94: neumomcmtot: 0.0381759
95: neumomcmtot: 3.15077
96: neumomcmtot: 0
97: neumomcmtot: 4.30283
98: neumomcmtot: 0.0338449
99: neumomcmtot: 1.24023
100: neumomcmtot: 1.09362
101: neumomcmtot: 0.377588
102: neumomcmtot: 0
103: neumomcmtot: 5.29305
104: neumomcmtot: 2.70376
105: neumomcmtot: 4.79283
106: neumomcmtot: 2.12324
107: neumomcmtot: 1.49655
108: neumomcmtot: 0
109: neumomcmtot: 3.12174
110: neumomcmtot: 2.57885
111: neumomcmtot: 2.48978
112: neumomcmtot: 0.740447
113: neumomcmtot: 0.97337
114: neumomcmtot: 1.0004
115: neumomcmtot: 3.03906
116: neumomcmtot: 2.37586
117: neumomcmtot: 4.47973
118: neumomcmtot: 2.75076
119: neumomcmtot: 2.96641
120: neumomcmtot: 0.113378
121: neumomcmtot: 0.698176
122: neumomcmtot: 0
123: neumomcmtot: 0
124: neumomcmtot: 3.1988
125: neumomcmtot: 0
126: neumomcmtot: 1.67768
127: neumomcmtot: 0.668329
128: neumomcmtot: 0.569198
129: neumomcmtot: 0
130: neumomcmtot: 0
131: neumomcmtot: 0
132: neumomcmtot: 5.09891
133: neumomcmtot: 0.0529145
134: neumomcmtot: 2.57473
135: neumomcmtot: 0
136: neumomcmtot: 2.00272
137: neumomcmtot: 0
138: neumomcmtot: 3.58052
139: neumomcmtot: 3.0023
140: neumomcmtot: 0
141: neumomcmtot: 2.32001
142: neumomcmtot: 4.64082
143: neumomcmtot: 0
144: neumomcmtot: 2.7843
145: neumomcmtot: 1.94157
146: neumomcmtot: 0
147: neumomcmtot: 0
148: neumomcmtot: 0
149: neumomcmtot: 1.58589
150: neumomcmtot: 0.186621
151: neumomcmtot: 0.69052
152: neumomcmtot: 0.79276
153: neumomcmtot: 0.20309
154: neumomcmtot: 2.14114
155: neumomcmtot: 0.270721
156: neumomcmtot: 2.68558
157: neumomcmtot: 0
158: neumomcmtot: 0
159: neumomcmtot: 3.81095
160: neumomcmtot: 0
161: neumomcmtot: 0
162: neumomcmtot: 3.09993
163: neumomcmtot: 2.45122
164: neumomcmtot: 0
165: neumomcmtot: 0
166: neumomcmtot: 0
167: neumomcmtot: 2.56646
168: neumomcmtot: 0.0372623
169: neumomcmtot: 0.187433
170: neumomcmtot: 0
171: neumomcmtot: 0.778942
172: neumomcmtot: 0.305401
173: neumomcmtot: 0
174: neumomcmtot: 0.0425974
175: neumomcmtot: 0.0502154
176: neumomcmtot: 1.95853
177: neumomcmtot: 1.87941
178: neumomcmtot: 3.59866
179: neumomcmtot: 2.95965
180: neumomcmtot: 0
181: neumomcmtot: 2.8531
182: neumomcmtot: 0.801283
183: neumomcmtot: 1.55955
184: neumomcmtot: 0.240638
185: neumomcmtot: 0
186: neumomcmtot: 0
187: neumomcmtot: 0
188: neumomcmtot: 0
189: neumomcmtot: 2.63633
190: neumomcmtot: 1.83738
191: neumomcmtot: 0.864538
192: neumomcmtot: 0
193: neumomcmtot: 1.56599
194: neumomcmtot: 0.632979
195: neumomcmtot: 1.05236
196: neumomcmtot: 3.92075
197: neumomcmtot: 0.430791
198: neumomcmtot: 0
199: neumomcmtot: 3.10979
**********************************************************************************************
*    Row   *      nneu * neumomcm[0] * neumomcm[1] * neumomcm[2] * neumomcm[3] * neumomcmtot *
**********************************************************************************************
*        0 *         0 *             *             *             *             *           0 *
*        1 *         0 *             *             *             *             *           0 *
*        2 *         0 *             *             *             *             *           0 *
*        3 *         5 * 0.764770389 * 0.056054487 * 0.062433578 * 0.041520621 * 0.960721325 *
*        4 *         4 * 0.381061018 * 0.181304112 *  2.06227708 * 0.071522347 *  2.69616456 *
*        5 *         7 * 0.130372092 * 0.597064853 * 0.154820725 * 0.204304367 *  1.57222813 *
*        6 *         0 *             *             *             *             *           0 *
*        7 *         0 *             *             *             *             *           0 *
*        8 *         0 *             *             *             *             *           0 *
*        9 *         1 * 0.094179287 *             *             *             * 0.094179287 *
*       10 *         5 * 0.582799971 * 0.347507387 *  0.37673828 * 0.364112616 *  1.74361253 *
*       11 *         1 * 0.046196945 *             *             *             * 0.046196945 *
*       12 *         8 * 0.208837971 * 0.775877059 *  0.44378987 * 0.152171522 *  4.23406848 *
*       13 *         4 * 0.328969955 * 0.582084477 * 0.169571027 *  1.04535079 *  2.12597625 *
*       14 *         9 * 0.486719966 * 0.082866311 * 0.271301866 * 0.625646412 *   2.4075715 *
*       15 *         3 * 0.095526956 * 0.128370687 *  0.34395808 *             * 0.567855723 *
*       16 *         1 * 0.040906749 *             *             *             * 0.040906749 *
*       17 *         4 *  0.14232406 * 0.161683723 * 0.110087737 * 0.082420259 * 0.496515781 *
*       18 *         0 *             *             *             *             *           0 *
*       19 *        11 * 0.292964071 * 0.229157165 * 0.248550788 * 0.782103062 *  4.44179361 *
*       20 *         1 *  2.75501847 *             *             *             *  2.75501847 *
*       21 *         0 *             *             *             *             *           0 *
*       22 *         2 * 0.652037144 * 0.163740173 *             *             * 0.815777317 *
*       23 *         1 *  4.77309084 *             *             *             *  4.77309084 *
*       24 *         4 * 0.113210596 * 0.522510171 * 0.125147849 * 0.097914017 * 0.858782634 *
*       25 *         0 *             *             *             *             *           0 *
*       26 *         4 *  1.09705389 * 0.494863063 * 0.390012473 *  2.01569247 *  3.99762189 *
*       27 *         2 * 0.181161061 * 0.036280896 *             *             * 0.217441957 *
*       28 *         3 * 0.068217068 *  2.95336556 * 0.044256024 *             *  3.06583866 *
*       29 *         7 *    0.789563 * 0.220408589 * 0.125525653 * 0.137201652 *  3.12135468 *
*       30 *         5 *  0.53054142 *  0.49090004 * 0.169015616 *  1.93829882 *  3.18931306 *
*       31 *         2 * 0.196238339 * 0.149452254 *             *             * 0.345690593 *
*       32 *         0 *             *             *             *             *           0 *
*       33 *         0 *             *             *             *             *           0 *
*       34 *         2 * 0.430852294 * 0.217262357 *             *             * 0.648114651 *
*       35 *         6 * 0.572996259 * 0.588075399 * 0.205770627 * 0.078147180 *  1.89001758 *
*       36 *         2 * 0.460891962 * 0.064702749 *             *             * 0.525594711 *
*       37 *         1 * 0.162425846 *             *             *             * 0.162425846 *
*       38 *         1 * 0.032385729 *             *             *             * 0.032385729 *
*       39 *         1 * 0.043581295 *             *             *             * 0.043581295 *
*       40 *         0 *             *             *             *             *           0 *
*       41 *         0 *             *             *             *             *           0 *
*       42 *         3 * 0.474575341 * 0.068125285 * 0.063837066 *             * 0.606537692 *
*       43 *         1 * 0.077700778 *             *             *             * 0.077700778 *
*       44 *        10 * 0.808721781 *  2.40887904 * 0.874338567 * 0.518742383 *  7.84833468 *
*       45 *         0 *             *             *             *             *           0 *
*       46 *         3 *  1.68820059 * 0.317767262 *  2.68886399 *             *  4.69483185 *
*       47 *         0 *             *             *             *             *           0 *
*       48 *         0 *             *             *             *             *           0 *
*       49 *         2 * 0.564382315 * 0.066248334 *             *             *  0.63063065 *
*       50 *         7 * 0.069924473 *   1.1232034 * 0.221935466 * 0.103928469 *  2.02173957 *
*       51 *         0 *             *             *             *             *           0 *
*       52 *         0 *             *             *             *             *           0 *
*       53 *         7 * 0.223199666 * 0.204618007 * 0.324710965 * 0.087963327 *  2.10461392 *
*       54 *         2 *  1.08641851 * 0.263857156 *             *             *  1.35027567 *
*       55 *         0 *             *             *             *             *           0 *
*       56 *         3 * 0.537799776 * 0.272116125 * 0.736448109 *             *  1.54636401 *
*       57 *         0 *             *             *             *             *           0 *
*       58 *         0 *             *             *             *             *           0 *
*       59 *         0 *             *             *             *             *           0 *
*       60 *         3 * 0.146678776 * 0.089760839 * 0.049341205 *             * 0.285780821 *
*       61 *         4 * 0.300282598 * 0.352572709 * 0.155983031 * 0.486647159 *   1.2954855 *
*       62 *         2 * 0.954283535 * 0.424082428 *             *             *  1.37836596 *
*       63 *         5 * 0.741128802 * 0.188153252 * 0.850215375 * 0.057755317 *  2.04151246 *
*       64 *         9 * 0.449269056 * 0.288034409 * 0.448599219 * 0.823023021 *  3.13892625 *
*       65 *         0 *             *             *             *             *           0 *
*       66 *         0 *             *             *             *             *           0 *
*       67 *         8 *  0.77210331 * 0.455955565 * 0.345278502 * 0.624304593 *  2.81720873 *
*       68 *         0 *             *             *             *             *           0 *
*       69 *         3 * 0.881904304 * 0.303989708 * 0.464487135 *             *  1.65038115 *
*       70 *         1 * 0.033302582 *             *             *             * 0.033302582 *
*       71 *         4 * 0.373130351 * 0.520605147 * 0.618569732 * 0.401847005 *  1.91415223 *
*       72 *         6 * 0.236522123 * 0.148336589 *  1.12700379 * 0.848335147 *  3.07218106 *
*       73 *         2 *  1.50528848 * 0.084231130 *             *             *  1.58951961 *
*       74 *         0 *             *             *             *             *           0 *
*       75 *         0 *             *             *             *             *           0 *
*       76 *         1 *  2.32691765 *             *             *             *  2.32691765 *
*       77 *         1 * 0.169226781 *             *             *             * 0.169226781 *
*       78 *         0 *             *             *             *             *           0 *
*       79 *         0 *             *             *             *             *           0 *
*       80 *         0 *             *             *             *             *           0 *
*       81 *         1 *  0.19655554 *             *             *             *  0.19655554 *
*       82 *         4 *  0.25399828 *  0.82435298 * 0.194841728 * 0.074750147 *  1.34794313 *
*       83 *         0 *             *             *             *             *           0 *
*       84 *         0 *             *             *             *             *           0 *
*       85 *        10 *  0.69603467 * 0.334014148 * 0.507413447 * 0.682189107 *  4.05347107 *
*       86 *         0 *             *             *             *             *           0 *
*       87 *         0 *             *             *             *             *           0 *
*       88 *         0 *             *             *             *             *           0 *
*       89 *         6 * 0.150085226 * 0.216636091 * 0.072736971 * 0.098309792 * 0.686635293 *
*       90 *         0 *             *             *             *             *           0 *
*       91 *         6 * 0.149615139 *  1.21444261 * 0.261725307 * 0.229371071 *  2.74631444 *
*       92 *         4 *  0.14332819 * 0.062149439 * 0.052708514 * 0.042852331 * 0.301038474 *
*       93 *         0 *             *             *             *             *           0 *
*       94 *         1 * 0.038175936 *             *             *             * 0.038175936 *
*       95 *         7 * 0.204965562 * 0.394324601 * 0.946071148 * 0.512884974 *  3.15077086 *
*       96 *         0 *             *             *             *             *           0 *
*       97 *        12 * 0.704034269 *  0.22573851 *  1.23020792 * 0.630924821 *  4.30282614 *
*       98 *         1 * 0.033844944 *             *             *             * 0.033844944 *
*       99 *         1 *  1.24023473 *             *             *             *  1.24023473 *
*      100 *         1 *  1.09361815 *             *             *             *  1.09361815 *
*      101 *         2 * 0.289021939 * 0.088565886 *             *             * 0.377587825 *
*      102 *         0 *             *             *             *             *           0 *
*      103 *         1 *  5.29305315 *             *             *             *  5.29305315 *
*      104 *         5 *  1.14581311 * 0.946492195 * 0.175816759 * 0.348826647 *  2.70375991 *
*      105 *         2 *  3.64031219 *  1.15252101 *             *             *  4.79283321 *
*      106 *         3 * 0.942866206 *  1.14611089 * 0.034267820 *             *  2.12324492 *
*      107 *         8 * 0.238715544 * 0.239457503 * 0.067853823 * 0.066606290 *  1.49654668 *
*      108 *         0 *             *             *             *             *           0 *
*      109 *         8 * 0.455157429 * 0.981006265 * 0.125520691 *  0.18317531 *  3.12174235 *
*      110 *         2 *  1.01416636 *  1.56468081 *             *             *  2.57884717 *
*      111 *         3 *  1.35009122 *     1.07242 * 0.067267462 *             *  2.48977868 *
*      112 *         3 * 0.303450584 * 0.329000086 * 0.107996725 *             * 0.740447395 *
*      113 *         1 * 0.973370135 *             *             *             * 0.973370135 *
*      114 *         3 *    0.637079 * 0.049717631 * 0.313601106 *             *  1.00039774 *
*      115 *        11 * 0.761159539 * 0.428472668 * 0.582863986 * 0.065801218 *   3.0390609 *
*      116 *         8 * 0.319620609 * 0.472984314 * 0.569945395 * 0.252751768 *  2.37586058 *
*      117 *         6 *  1.51413345 *  2.39889145 *  0.16485323 * 0.277327836 *   4.4797255 *
*      118 *         6 * 0.241641119 * 0.471033186 * 0.370719403 * 0.097136750 *  2.75075552 *
*      119 *         2 * 0.947053432 *  2.01935744 *             *             *  2.96641088 *
*      120 *         1 * 0.113378376 *             *             *             * 0.113378376 *
*      121 *         2 * 0.499152064 *  0.19902344 *             *             * 0.698175505 *
*      122 *         0 *             *             *             *             *           0 *
*      123 *         0 *             *             *             *             *           0 *
*      124 *         8 *  1.74843991 * 0.182891473 * 0.174768582 * 0.227444991 *  3.19880272 *
*      125 *         0 *             *             *             *             *           0 *
*      126 *         4 *  1.09365845 * 0.183701456 *  0.23364751 * 0.166672215 *  1.67767963 *
*      127 *         1 *    0.668329 *             *             *             *    0.668329 *
*      128 *         4 * 0.151462391 * 0.182041869 * 0.120186701 * 0.115506932 * 0.569197893 *
*      129 *         0 *             *             *             *             *           0 *
*      130 *         0 *             *             *             *             *           0 *
*      131 *         0 *             *             *             *             *           0 *
*      132 *         8 * 0.212615162 *  1.06591344 *  1.12380326 * 0.094727799 *  5.09891079 *
*      133 *         1 * 0.052914544 *             *             *             * 0.052914544 *
*      134 *         8 * 0.610349774 * 0.493219465 * 0.398367882 * 0.181620762 *  2.57472681 *
*      135 *         0 *             *             *             *             *           0 *
*      136 *         7 * 0.818393767 * 0.383614779 * 0.317381948 * 0.107810862 *  2.00272293 *
*      137 *         0 *             *             *             *             *           0 *
*      138 *         5 * 0.644079924 * 0.164293543 * 0.695341647 *  1.99160349 *  3.58051898 *
*      139 *         6 * 0.402280122 * 0.329876125 * 0.178654149 * 0.663410127 *  3.00229713 *
*      140 *         0 *             *             *             *             *           0 *
*      141 *         7 * 0.371418983 *  0.67203176 * 0.257044762 *  0.75277245 *  2.32000951 *
*      142 *        11 * 0.278700501 * 0.207556233 * 0.319800258 *  1.72246158 *  4.64081922 *
*      143 *         0 *             *             *             *             *           0 *
*      144 *         6 * 0.701225162 * 0.911617815 * 0.225518733 *  0.48330006 *  2.78429829 *
*      145 *         7 * 0.323963523 * 0.204582632 * 0.196210355 * 0.846541882 *  1.94156873 *
*      146 *         0 *             *             *             *             *           0 *
*      147 *         0 *             *             *             *             *           0 *
*      148 *         0 *             *             *             *             *           0 *
*      149 *         7 * 0.450688809 * 0.152729645 * 0.392954707 * 0.200566575 *  1.58588863 *
*      150 *         2 * 0.063795879 * 0.122824751 *             *             *  0.18662063 *
*      151 *         3 * 0.475151449 * 0.170207277 * 0.045161355 *             * 0.690520082 *
*      152 *         1 * 0.792759836 *             *             *             * 0.792759836 *
*      153 *         1 * 0.203090325 *             *             *             * 0.203090325 *
*      154 *         7 * 0.203263223 * 0.270991832 * 0.170029476 * 0.190925494 *  2.14114028 *
*      155 *         4 * 0.071613363 * 0.098817654 * 0.058897443 * 0.041392851 * 0.270721313 *
*      156 *         7 * 0.153563961 *  0.55439806 * 0.208866641 * 0.797948956 *  2.68557967 *
*      157 *         0 *             *             *             *             *           0 *
*      158 *         0 *             *             *             *             *           0 *
*      159 *        11 * 0.550012827 *   0.3142232 * 0.152777106 * 0.412655532 *  3.81095096 *
*      160 *         0 *             *             *             *             *           0 *
*      161 *         0 *             *             *             *             *           0 *
*      162 *         8 * 0.519734859 * 0.917516828 * 0.106078036 *  1.05277646 *  3.09993188 *
*      163 *         9 * 0.184787959 * 0.151962966 * 0.139248282 * 0.068493060 *  2.45121514 *
*      164 *         0 *             *             *             *             *           0 *
*      165 *         0 *             *             *             *             *           0 *
*      166 *         0 *             *             *             *             *           0 *
*      167 *         6 * 0.138419509 * 0.315449208 * 0.971028149 * 0.771221161 *  2.56645709 *
*      168 *         1 * 0.037262283 *             *             *             * 0.037262283 *
*      169 *         1 * 0.187433451 *             *             *             * 0.187433451 *
*      170 *         0 *             *             *             *             *           0 *
*      171 *         8 * 0.190712765 *  0.11594487 * 0.077449582 * 0.095867537 * 0.778942082 *
*      172 *         2 * 0.165431544 * 0.139969885 *             *             *  0.30540143 *
*      173 *         0 *             *             *             *             *           0 *
*      174 *         1 * 0.042597435 *             *             *             * 0.042597435 *
*      175 *         1 * 0.050215423 *             *             *             * 0.050215423 *
*      176 *         9 *  0.18082799 * 0.157428995 * 0.717570305 * 0.344281346 *  1.95853268 *
*      177 *         7 * 0.148162931 * 0.581958413 * 0.085635550 * 0.075756929 *  1.87941379 *
*      178 *         7 * 0.258839905 * 0.985670865 * 0.257537514 * 0.252617151 *  3.59865854 *
*      179 *         4 *  2.37735677 * 0.492690504 * 0.037400718 * 0.052201792 *  2.95964978 *
*      180 *         0 *             *             *             *             *           0 *
*      181 *         3 *  2.61468148 * 0.206587791 * 0.031826484 *             *  2.85309576 *
*      182 *         3 * 0.181497157 * 0.437396556 * 0.182389617 *             *  0.80128333 *
*      183 *         6 * 0.254568934 * 0.160541683 * 0.072206378 * 0.257127881 *  1.55954714 *
*      184 *         1 *  0.24063836 *             *             *             *  0.24063836 *
*      185 *         0 *             *             *             *             *           0 *
*      186 *         0 *             *             *             *             *           0 *
*      187 *         0 *             *             *             *             *           0 *
*      188 *         0 *             *             *             *             *           0 *
*      189 *         4 * 0.967051744 * 0.641003847 * 0.824985087 * 0.203285217 *   2.6363259 *
*      190 *         7 * 0.237512618 * 0.558912516 * 0.236829653 * 0.381041646 *  1.83737771 *
*      191 *         2 * 0.218116701 * 0.646421611 *             *             * 0.864538312 *
*      192 *         0 *             *             *             *             *           0 *
*      193 *         6 * 0.218182012 *  0.67615521 * 0.107650422 * 0.084465257 *  1.56598534 *
*      194 *         4 * 0.090558029 * 0.106014043 * 0.107368045 * 0.329039246 * 0.632979363 *
*      195 *         5 *  0.38089934 * 0.144913912 * 0.173547268 * 0.263505787 *  1.05235787 *
*      196 *         5 * 0.206983835 * 0.207446918 *  0.26879856 *  2.96401215 *  3.92074917 *
*      197 *         1 * 0.430790693 *             *             *             * 0.430790693 *
*      198 *         0 *             *             *             *             *           0 *
*      199 *         5 *  1.83665907 * 0.333972812 * 0.251051486 * 0.644973159 *  3.10978655 *
**********************************************************************************************
*************************************************************
*    Row   * Instance *      nneu *  neumomcm * neumomcmtot *
*************************************************************
*        0 *        0 *         0 *           *           0 *
*        1 *        0 *         0 *           *           0 *
*        2 *        0 *         0 *           *           0 *
*        3 *        0 *         5 * 0.7647703 * 0.960721325 *
*        3 *        1 *         5 * 0.0560544 * 0.960721325 *
*        3 *        2 *         5 * 0.0624335 * 0.960721325 *
*        3 *        3 *         5 * 0.0415206 * 0.960721325 *
*        3 *        4 *         5 * 0.0359422 * 0.960721325 *
*        4 *        0 *         4 * 0.3810610 *  2.69616456 *
*        4 *        1 *         4 * 0.1813041 *  2.69616456 *
*        4 *        2 *         4 * 2.0622770 *  2.69616456 *
*        4 *        3 *         4 * 0.0715223 *  2.69616456 *
*        5 *        0 *         7 * 0.1303720 *  1.57222813 *
*        5 *        1 *         7 * 0.5970648 *  1.57222813 *
*        5 *        2 *         7 * 0.1548207 *  1.57222813 *
*        5 *        3 *         7 * 0.2043043 *  1.57222813 *
*        5 *        4 *         7 * 0.1443272 *  1.57222813 *
*        5 *        5 *         7 * 0.2516049 *  1.57222813 *
*        5 *        6 *         7 * 0.0897339 *  1.57222813 *
*        6 *        0 *         0 *           *           0 *
*        7 *        0 *         0 *           *           0 *
*************************************************************
***********************************************************************
*    Row   * Instance *      nneu *      npi0 *  neumomcm *  pi0thecm *
***********************************************************************
*        0 *        0 *         0 *         0 *           *           *
*        1 *        0 *         0 *         0 *           *           *
*        2 *        0 *         0 *         0 *           *           *
*        3 *        0 *         5 *         3 * 0.7647703 * 0.5848136 *
*        3 *        1 *         5 *         3 * 0.0560544 * 0.6154798 *
*        3 *        2 *         5 *         3 * 0.0624335 * 0.5860122 *
*        3 *        3 *         5 *         3 * 0.0415206 *           *
*        3 *        4 *         5 *         3 * 0.0359422 *           *
*        4 *        0 *         4 *         4 * 0.3810610 * 2.4308283 *
*        4 *        1 *         4 *         4 * 0.1813041 * 2.3687260 *
*        4 *        2 *         4 *         4 * 2.0622770 * 0.5591614 *
*        4 *        3 *         4 *         4 * 0.0715223 * 2.4459192 *
*        5 *        0 *         7 *        12 * 0.1303720 * 0.8524518 *
*        5 *        1 *         7 *        12 * 0.5970648 * 0.8117134 *
*        5 *        2 *         7 *        12 * 0.1548207 * 0.5416997 *
*        5 *        3 *         7 *        12 * 0.2043043 * 1.0207471 *
*        5 *        4 *         7 *        12 * 0.1443272 * 1.8840895 *
*        5 *        5 *         7 *        12 * 0.2516049 * 1.1278851 *
*        5 *        6 *         7 *        12 * 0.0897339 * 0.6851220 *
*        5 *        7 *         7 *        12 *           * 1.5250157 *
*        5 *        8 *         7 *        12 *           * 1.8614242 *
*        5 *        9 *         7 *        12 *           * 2.3781738 *
*        5 *       10 *         7 *        12 *           * 1.7356895 *
*        5 *       11 *         7 *        12 *           * 0.9876152 *
*        6 *        0 *         0 *         0 *           *           *
*        7 *        0 *         0 *         0 *           *           *
***********************************************************************
***********************************************************************
*    Row   * Instance *      nneu *      npi0 *  neumomcm *  pi0thecm *
***********************************************************************
*        3 *        0 *         5 *         3 * 0.7647703 * 0.5848136 *
*        3 *        1 *         5 *         3 * 0.0560544 * 0.6154798 *
*        3 *        2 *         5 *         3 * 0.0624335 * 0.5860122 *
*        3 *        3 *         5 *         3 * 0.0415206 *           *
*        3 *        4 *         5 *         3 * 0.0359422 *           *
*        4 *        0 *         4 *         4 * 0.3810610 * 2.4308283 *
*        4 *        1 *         4 *         4 * 0.1813041 * 2.3687260 *
*        4 *        2 *         4 *         4 * 2.0622770 * 0.5591614 *
*        4 *        3 *         4 *         4 * 0.0715223 * 2.4459192 *
*        5 *        0 *         7 *        12 * 0.1303720 * 0.8524518 *
*        5 *        1 *         7 *        12 * 0.5970648 * 0.8117134 *
*        5 *        2 *         7 *        12 * 0.1548207 * 0.5416997 *
*        5 *        3 *         7 *        12 * 0.2043043 * 1.0207471 *
*        5 *        4 *         7 *        12 * 0.1443272 * 1.8840895 *
*        5 *        5 *         7 *        12 * 0.2516049 * 1.1278851 *
*        5 *        6 *         7 *        12 * 0.0897339 * 0.6851220 *
*        5 *        7 *         7 *        12 *           * 1.5250157 *
*        5 *        8 *         7 *        12 *           * 1.8614242 *
*        5 *        9 *         7 *        12 *           * 2.3781738 *
*        5 *       10 *         7 *        12 *           * 1.7356895 *
*        5 *       11 *         7 *        12 *           * 0.9876152 *
***********************************************************************
==> 21 selected entries
***********************************************************************
*    Row   * Instance *      nneu *      npi0 *  neumomcm *  pi0thecm *
***********************************************************************
*        3 *        0 *         5 *         3 * 0.7647703 * 0.5848136 *
*        3 *        1 *         5 *         3 * 0.0560544 * 0.6154798 *
*        3 *        2 *         5 *         3 * 0.0624335 * 0.5860122 *
*        4 *        0 *         4 *         4 * 0.3810610 * 2.4308283 *
*        4 *        1 *         4 *         4 * 0.1813041 * 2.3687260 *
*        4 *        2 *         4 *         4 * 2.0622770 * 0.5591614 *
*        4 *        3 *         4 *         4 * 0.0715223 * 2.4459192 *
*        5 *        0 *         7 *        12 * 0.1303720 * 0.8524518 *
*        5 *        1 *         7 *        12 * 0.5970648 * 0.8117134 *
*        5 *        2 *         7 *        12 * 0.1548207 * 0.5416997 *
*        5 *        3 *         7 *        12 * 0.2043043 * 1.0207471 *
*        5 *        4 *         7 *        12 * 0.1443272 * 1.8840895 *
*        5 *        5 *         7 *        12 * 0.2516049 * 1.1278851 *
*        5 *        6 *         7 *        12 * 0.0897339 * 0.6851220 *
***********************************************************************
==> 14 selected entries
***********************************************
*    Row   *      nneu * neumomcmtot-(Alt$... *
***********************************************
*        0 *         0 *                    0 *
*        1 *         0 *                    0 *
*        2 *         0 *                    0 *
*        3 *         5 *          0.035942249 *
*        4 *         4 *                    0 *
*        5 *         7 *          0.485666096 *
*        6 *         0 *                    0 *
*        7 *         0 *                    0 *
*        8 *         0 *                    0 *
*        9 *         1 *                    0 *
*       10 *         5 *         0.0724542737 *
*       11 *         1 *                    0 *
*       12 *         8 *           2.65339206 *
*       13 *         4 *                    0 *
*       14 *         9 *          0.941036947 *
*       15 *         3 *                    0 *
*       16 *         1 *                    0 *
*       17 *         4 *                    0 *
*       18 *         0 *                    0 *
*       19 *        11 *           2.88901852 *
*       20 *         1 *                    0 *
*       21 *         0 *                    0 *
*       22 *         2 *                    0 *
*       23 *         1 *                    0 *
*       24 *         4 *                    0 *
*       25 *         0 *                    0 *
*       26 *         4 *                    0 *
*       27 *         2 *                    0 *
*       28 *         3 *                    0 *
*       29 *         7 *           1.84865579 *
*       30 *         5 *         0.0605571643 *
*       31 *         2 *                    0 *
*       32 *         0 *                    0 *
*       33 *         0 *                    0 *
*       34 *         2 *                    0 *
*       35 *         6 *          0.445028119 *
*       36 *         2 *                    0 *
*       37 *         1 *                    0 *
*       38 *         1 *                    0 *
*       39 *         1 *                    0 *
*       40 *         0 *                    0 *
*       41 *         0 *                    0 *
*       42 *         3 *                    0 *
*       43 *         1 *                    0 *
*       44 *        10 *           3.23765291 *
*       45 *         0 *                    0 *
*       46 *         3 *                    0 *
*       47 *         0 *                    0 *
*       48 *         0 *                    0 *
*       49 *         2 *                    0 *
*       50 *         7 *          0.502747767 *
*       51 *         0 *                    0 *
*       52 *         0 *                    0 *
*       53 *         7 *           1.26412195 *
*       54 *         2 *                    0 *
*       55 *         0 *                    0 *
*       56 *         3 *                    0 *
*       57 *         0 *                    0 *
*       58 *         0 *                    0 *
*       59 *         0 *                    0 *
*       60 *         3 *                    0 *
*       61 *         4 *                    0 *
*       62 *         2 *                    0 *
*       63 *         5 *          0.204259709 *
*       64 *         9 *           1.13000054 *
*       65 *         0 *                    0 *
*       66 *         0 *                    0 *
*       67 *         8 *          0.619566765 *
*       68 *         0 *                    0 *
*       69 *         3 *                    0 *
*       70 *         1 *                    0 *
*       71 *         4 *                    0 *
*       72 *         6 *          0.711983416 *
*       73 *         2 *                    0 *
*       74 *         0 *                    0 *
*       75 *         0 *                    0 *
*       76 *         1 *                    0 *
*       77 *         1 *                    0 *
*       78 *         0 *                    0 *
*       79 *         0 *                    0 *
*       80 *         0 *                    0 *
*       81 *         1 *                    0 *
*       82 *         4 *                    0 *
*       83 *         0 *                    0 *
*       84 *         0 *                    0 *
*       85 *        10 *           1.83381969 *
*       86 *         0 *                    0 *
*       87 *         0 *                    0 *
*       88 *         0 *                    0 *
*       89 *         6 *          0.148867212 *
*       90 *         0 *                    0 *
*       91 *         6 *          0.891160309 *
*       92 *         4 *                    0 *
*       93 *         0 *                    0 *
*       94 *         1 *                    0 *
*       95 *         7 *           1.09252457 *
*       96 *         0 *                    0 *
*       97 *        12 *           1.51192062 *
*       98 *         1 *                    0 *
*       99 *         1 *                    0 *
*      100 *         1 *                    0 *
*      101 *         2 *                    0 *
*      102 *         0 *                    0 *
*      103 *         1 *                    0 *
*      104 *         5 *         0.0868111998 *
*      105 *         2 *                    0 *
*      106 *         3 *                    0 *
*      107 *         8 *          0.883913517 *
*      108 *         0 *                    0 *
*      109 *         8 *           1.37688265 *
*      110 *         2 *                    0 *
*      111 *         3 *                    0 *
*      112 *         3 *                    0 *
*      113 *         1 *                    0 *
*      114 *         3 *                    0 *
*      115 *        11 *           1.20076349 *
*      116 *         8 *          0.760558497 *
*      117 *         6 *          0.124519534 *
*      118 *         6 *           1.57022506 *
*      119 *         2 *                    0 *
*      120 *         1 *                    0 *
*      121 *         2 *                    0 *
*      122 *         0 *                    0 *
*      123 *         0 *                    0 *
*      124 *         8 *           0.86525777 *
*      125 *         0 *                    0 *
*      126 *         4 *                    0 *
*      127 *         1 *                    0 *
*      128 *         4 *                    0 *
*      129 *         0 *                    0 *
*      130 *         0 *                    0 *
*      131 *         0 *                    0 *
*      132 *         8 *           2.60185114 *
*      133 *         1 *                    0 *
*      134 *         8 *           0.89116893 *
*      135 *         0 *                    0 *
*      136 *         7 *          0.375521578 *
*      137 *         0 *                    0 *
*      138 *         5 *         0.0852003694 *
*      139 *         6 *           1.42807661 *
*      140 *         0 *                    0 *
*      141 *         7 *          0.266741559 *
*      142 *        11 *           2.11230065 *
*      143 *         0 *                    0 *
*      144 *         6 *          0.462636515 *
*      145 *         7 *          0.370270342 *
*      146 *         0 *                    0 *
*      147 *         0 *                    0 *
*      148 *         0 *                    0 *
*      149 *         7 *          0.388948891 *
*      150 *         2 *                    0 *
*      151 *         3 *                    0 *
*      152 *         1 *                    0 *
*      153 *         1 *                    0 *
*      154 *         7 *           1.30593026 *
*      155 *         4 *                    0 *
*      156 *         7 *          0.970802054 *
*      157 *         0 *                    0 *
*      158 *         0 *                    0 *
*      159 *        11 *            2.3812823 *
*      160 *         0 *                    0 *
*      161 *         0 *                    0 *
*      162 *         8 *          0.503825702 *
*      163 *         9 *           1.90672287 *
*      164 *         0 *                    0 *
*      165 *         0 *                    0 *
*      166 *         0 *                    0 *
*      167 *         6 *          0.370339058 *
*      168 *         1 *                    0 *
*      169 *         1 *                    0 *
*      170 *         0 *                    0 *
*      171 *         8 *          0.298967328 *
*      172 *         2 *                    0 *
*      173 *         0 *                    0 *
*      174 *         1 *                    0 *
*      175 *         1 *                    0 *
*      176 *         9 *          0.558424044 *
*      177 *         7 *          0.987899967 *
*      178 *         7 *            1.8439931 *
*      179 *         4 *                    0 *
*      180 *         0 *                    0 *
*      181 *         3 *                    0 *
*      182 *         3 *                    0 *
*      183 *         6 *          0.815102264 *
*      184 *         1 *                    0 *
*      185 *         0 *                    0 *
*      186 *         0 *                    0 *
*      187 *         0 *                    0 *
*      188 *         0 *                    0 *
*      189 *         4 *                    0 *
*      190 *         7 *          0.423081279 *
*      191 *         2 *                    0 *
*      192 *         0 *                    0 *
*      193 *         6 *          0.479532443 *
*      194 *         4 *                    0 *
*      195 *         5 *         0.0894915685 *
*      196 *         5 *          0.273507714 *
*      197 *         1 *                    0 *
*      198 *         0 *                    0 *
*      199 *         5 *         0.0431300215 *
***********************************************
***********************************************
*    Row   *      nneu * neumomcmtot-(Alt$... *
***********************************************
*        0 *         0 *                    0 *
*        1 *         0 *                    0 *
*        2 *         0 *                    0 *
*        6 *         0 *                    0 *
*        7 *         0 *                    0 *
*        8 *         0 *                    0 *
*       18 *         0 *                    0 *
*       21 *         0 *                    0 *
*       25 *         0 *                    0 *
*       32 *         0 *                    0 *
*       33 *         0 *                    0 *
*       40 *         0 *                    0 *
*       41 *         0 *                    0 *
*       45 *         0 *                    0 *
*       47 *         0 *                    0 *
*       48 *         0 *                    0 *
*       51 *         0 *                    0 *
*       52 *         0 *                    0 *
*       55 *         0 *                    0 *
*       57 *         0 *                    0 *
*       58 *         0 *                    0 *
*       59 *         0 *                    0 *
*       65 *         0 *                    0 *
*       66 *         0 *                    0 *
*       68 *         0 *                    0 *
*       74 *         0 *                    0 *
*       75 *         0 *                    0 *
*       78 *         0 *                    0 *
*       79 *         0 *                    0 *
*       80 *         0 *                    0 *
*       83 *         0 *                    0 *
*       84 *         0 *                    0 *
*       86 *         0 *                    0 *
*       87 *         0 *                    0 *
*       88 *         0 *                    0 *
*       90 *         0 *                    0 *
*       93 *         0 *                    0 *
*       96 *         0 *                    0 *
*      102 *         0 *                    0 *
*      108 *         0 *                    0 *
*      122 *         0 *                    0 *
*      123 *         0 *                    0 *
*      125 *         0 *                    0 *
*      129 *         0 *                    0 *
*      130 *         0 *                    0 *
*      131 *         0 *                    0 *
*      135 *         0 *                    0 *
*      137 *         0 *                    0 *
*      140 *         0 *                    0 *
*      143 *         0 *                    0 *
*      146 *         0 *                    0 *
*      147 *         0 *                    0 *
*      148 *         0 *                    0 *
*      157 *         0 *                    0 *
*      158 *         0 *                    0 *
*      160 *         0 *                    0 *
*      161 *         0 *                    0 *
*      164 *         0 *                    0 *
*      165 *         0 *                    0 *
*      166 *         0 *                    0 *
*      170 *         0 *                    0 *
*      173 *         0 *                    0 *
*      180 *         0 *                    0 *
*      185 *         0 *                    0 *
*      186 *         0 *                    0 *
*      187 *         0 *                    0 *
*      188 *         0 *                    0 *
*      192 *         0 *                    0 *
*      198 *         0 *                    0 *
***********************************************
==> 69 selected entries
***********************************************
*    Row   *      nneu * neumomcmtot-(Alt$... *
***********************************************
*        9 *         1 *                    0 *
*       11 *         1 *                    0 *
*       16 *         1 *                    0 *
*       20 *         1 *                    0 *
*       23 *         1 *                    0 *
*       37 *         1 *                    0 *
*       38 *         1 *                    0 *
*       39 *         1 *                    0 *
*       43 *         1 *                    0 *
*       70 *         1 *                    0 *
*       76 *         1 *                    0 *
*       77 *         1 *                    0 *
*       81 *         1 *                    0 *
*       94 *         1 *                    0 *
*       98 *         1 *                    0 *
*       99 *         1 *                    0 *
*      100 *         1 *                    0 *
*      103 *         1 *                    0 *
*      113 *         1 *                    0 *
*      120 *         1 *                    0 *
*      127 *         1 *                    0 *
*      133 *         1 *                    0 *
*      152 *         1 *                    0 *
*      153 *         1 *                    0 *
*      168 *         1 *                    0 *
*      169 *         1 *                    0 *
*      174 *         1 *                    0 *
*      175 *         1 *                    0 *
*      184 *         1 *                    0 *
*      197 *         1 *                    0 *
***********************************************
==> 30 selected entries
*********************************************************************************************************************
*    Row   *      nneu * neumomcm[0] * neumomcm[1] * neumomcm[2] * neumomcm[3] * neumomcmtot * neumomcmtot-(Alt$... *
*********************************************************************************************************************
*        4 *         4 * 0.381061018 * 0.181304112 *  2.06227708 * 0.071522347 *  2.69616456 *                    0 *
*       13 *         4 * 0.328969955 * 0.582084477 * 0.169571027 *  1.04535079 *  2.12597625 *                    0 *
*       15 *         3 * 0.095526956 * 0.128370687 *  0.34395808 *             * 0.567855723 *                    0 *
*       17 *         4 *  0.14232406 * 0.161683723 * 0.110087737 * 0.082420259 * 0.496515781 *                    0 *
*       22 *         2 * 0.652037144 * 0.163740173 *             *             * 0.815777317 *                    0 *
*       24 *         4 * 0.113210596 * 0.522510171 * 0.125147849 * 0.097914017 * 0.858782634 *                    0 *
*       26 *         4 *  1.09705389 * 0.494863063 * 0.390012473 *  2.01569247 *  3.99762189 *                    0 *
*       27 *         2 * 0.181161061 * 0.036280896 *             *             * 0.217441957 *                    0 *
*       28 *         3 * 0.068217068 *  2.95336556 * 0.044256024 *             *  3.06583866 *                    0 *
*       31 *         2 * 0.196238339 * 0.149452254 *             *             * 0.345690593 *                    0 *
*       34 *         2 * 0.430852294 * 0.217262357 *             *             * 0.648114651 *                    0 *
*       36 *         2 * 0.460891962 * 0.064702749 *             *             * 0.525594711 *                    0 *
*       42 *         3 * 0.474575341 * 0.068125285 * 0.063837066 *             * 0.606537692 *                    0 *
*       46 *         3 *  1.68820059 * 0.317767262 *  2.68886399 *             *  4.69483185 *                    0 *
*       49 *         2 * 0.564382315 * 0.066248334 *             *             *  0.63063065 *                    0 *
*       54 *         2 *  1.08641851 * 0.263857156 *             *             *  1.35027567 *                    0 *
*       56 *         3 * 0.537799776 * 0.272116125 * 0.736448109 *             *  1.54636401 *                    0 *
*       60 *         3 * 0.146678776 * 0.089760839 * 0.049341205 *             * 0.285780821 *                    0 *
*       61 *         4 * 0.300282598 * 0.352572709 * 0.155983031 * 0.486647159 *   1.2954855 *                    0 *
*       62 *         2 * 0.954283535 * 0.424082428 *             *             *  1.37836596 *                    0 *
*       69 *         3 * 0.881904304 * 0.303989708 * 0.464487135 *             *  1.65038115 *                    0 *
*       71 *         4 * 0.373130351 * 0.520605147 * 0.618569732 * 0.401847005 *  1.91415223 *                    0 *
*       73 *         2 *  1.50528848 * 0.084231130 *             *             *  1.58951961 *                    0 *
*       82 *         4 *  0.25399828 *  0.82435298 * 0.194841728 * 0.074750147 *  1.34794313 *                    0 *
*       92 *         4 *  0.14332819 * 0.062149439 * 0.052708514 * 0.042852331 * 0.301038474 *                    0 *
*      101 *         2 * 0.289021939 * 0.088565886 *             *             * 0.377587825 *                    0 *
*      105 *         2 *  3.64031219 *  1.15252101 *             *             *  4.79283321 *                    0 *
*      106 *         3 * 0.942866206 *  1.14611089 * 0.034267820 *             *  2.12324492 *                    0 *
*      110 *         2 *  1.01416636 *  1.56468081 *             *             *  2.57884717 *                    0 *
*      111 *         3 *  1.35009122 *     1.07242 * 0.067267462 *             *  2.48977868 *                    0 *
*      112 *         3 * 0.303450584 * 0.329000086 * 0.107996725 *             * 0.740447395 *                    0 *
*      114 *         3 *    0.637079 * 0.049717631 * 0.313601106 *             *  1.00039774 *                    0 *
*      119 *         2 * 0.947053432 *  2.01935744 *             *             *  2.96641088 *                    0 *
*      121 *         2 * 0.499152064 *  0.19902344 *             *             * 0.698175505 *                    0 *
*      126 *         4 *  1.09365845 * 0.183701456 *  0.23364751 * 0.166672215 *  1.67767963 *                    0 *
*      128 *         4 * 0.151462391 * 0.182041869 * 0.120186701 * 0.115506932 * 0.569197893 *                    0 *
*      150 *         2 * 0.063795879 * 0.122824751 *             *             *  0.18662063 *                    0 *
*      151 *         3 * 0.475151449 * 0.170207277 * 0.045161355 *             * 0.690520082 *                    0 *
*      155 *         4 * 0.071613363 * 0.098817654 * 0.058897443 * 0.041392851 * 0.270721313 *                    0 *
*      172 *         2 * 0.165431544 * 0.139969885 *             *             *  0.30540143 *                    0 *
*      179 *         4 *  2.37735677 * 0.492690504 * 0.037400718 * 0.052201792 *  2.95964978 *                    0 *
*      181 *         3 *  2.61468148 * 0.206587791 * 0.031826484 *             *  2.85309576 *                    0 *
*      182 *         3 * 0.181497157 * 0.437396556 * 0.182389617 *             *  0.80128333 *                    0 *
*      189 *         4 * 0.967051744 * 0.641003847 * 0.824985087 * 0.203285217 *   2.6363259 *                    0 *
*      191 *         2 * 0.218116701 * 0.646421611 *             *             * 0.864538312 *                    0 *
*      194 *         4 * 0.090558029 * 0.106014043 * 0.107368045 * 0.329039246 * 0.632979363 *                    0 *
*********************************************************************************************************************
==> 46 selected entries
***********************************************
*    Row   *      nneu * neumomcmtot-(Alt$... *
***********************************************
*        3 *         5 *          0.035942249 *
*        5 *         7 *          0.485666096 *
*       10 *         5 *         0.0724542737 *
*       12 *         8 *           2.65339206 *
*       14 *         9 *          0.941036947 *
*       19 *        11 *           2.88901852 *
*       29 *         7 *           1.84865579 *
*       30 *         5 *         0.0605571643 *
*       35 *         6 *          0.445028119 *
*       44 *        10 *           3.23765291 *
*       50 *         7 *          0.502747767 *
*       53 *         7 *           1.26412195 *
*       63 *         5 *          0.204259709 *
*       64 *         9 *           1.13000054 *
*       67 *         8 *          0.619566765 *
*       72 *         6 *          0.711983416 *
*       85 *        10 *           1.83381969 *
*       89 *         6 *          0.148867212 *
*       91 *         6 *          0.891160309 *
*       95 *         7 *           1.09252457 *
*       97 *        12 *           1.51192062 *
*      104 *         5 *         0.0868111998 *
*      107 *         8 *          0.883913517 *
*      109 *         8 *           1.37688265 *
*      115 *        11 *           1.20076349 *
*      116 *         8 *          0.760558497 *
*      117 *         6 *          0.124519534 *
*      118 *         6 *           1.57022506 *
*      124 *         8 *           0.86525777 *
*      132 *         8 *           2.60185114 *
*      134 *         8 *           0.89116893 *
*      136 *         7 *          0.375521578 *
*      138 *         5 *         0.0852003694 *
*      139 *         6 *           1.42807661 *
*      141 *         7 *          0.266741559 *
*      142 *        11 *           2.11230065 *
*      144 *         6 *          0.462636515 *
*      145 *         7 *          0.370270342 *
*      149 *         7 *          0.388948891 *
*      154 *         7 *           1.30593026 *
*      156 *         7 *          0.970802054 *
*      159 *        11 *            2.3812823 *
*      162 *         8 *          0.503825702 *
*      163 *         9 *           1.90672287 *
*      167 *         6 *          0.370339058 *
*      171 *         8 *          0.298967328 *
*      176 *         9 *          0.558424044 *
*      177 *         7 *          0.987899967 *
*      178 *         7 *            1.8439931 *
*      183 *         6 *          0.815102264 *
*      190 *         7 *          0.423081279 *
*      193 *         6 *          0.479532443 *
*      195 *         5 *         0.0894915685 *
*      196 *         5 *          0.273507714 *
*      199 *         5 *         0.0431300215 *
***********************************************
==> 55 selected entries
