
Processing execReadTmplt.cxx+...
Warning in <TClass::Init>: no dictionary for class Holder is available
Warning in <TClass::Init>: no dictionary for class Wrapper<Double32_t> is available
Warning in <TClass::Init>: no dictionary for class Wrapper<double> is available
Warning in <TClass::Init>: no dictionary for class Wrapper<Long64_t> is available
(int) 0
