
Processing execAliasTest.C...
u:500
***********************************************************
*    Row   * Instance * TracksFil * TkrNumTra * FT1Energy *
***********************************************************
***********************************************************
==> 0 selected entries
(int) 0
